// Vitest Snapshot v1, https://vitest.dev/guide/snapshot.html

exports[`renders correctly and matches snapshot 1`] = `
<div>
  <div>
    <div
      class="flex justify-between items-center mt-2 cursor-pointer hover:bg-purple-300 active:bg-blue-300"
    >
      <div
        class="w-1/2"
      >
        <h2
          class="text-black text-md font-semibold pl-2"
        >
          Test Song
        </h2>
        <p
          class="text-gray font-semibold pl-2"
        >
          Test Artist
        </p>
      </div>
      <div
        class="w-1/2 text-gray font-semibold text-right pr-2"
      >
        2:18
      </div>
    </div>
  </div>
</div>
`;
